// Jest Snapshot v1, https://goo.gl/fbAQLP

exports[`DimensionAware lifecyle should re-render the component on updates 1`] = `
<View>
  <Text>
    Width 
    4000
  </Text>
  <Text>
    Height 
    2000
  </Text>
</View>
`;

exports[`DimensionAware renders 1`] = `
<Component>
  <Component>
    Width 
    750
  </Component>
  <Component>
    Height 
    1334
  </Component>
</Component>
`;
