// Jest Snapshot v1, https://goo.gl/fbAQLP

exports[`DimensionContext lifecyle should re-render the component on updates 1`] = `
<View>
  <Text
    accessible={true}
    allowFontScaling={true}
    ellipsizeMode="tail"
  >
    Width 
    4000
  </Text>
  <Text
    accessible={true}
    allowFontScaling={true}
    ellipsizeMode="tail"
  >
    Height 
    2000
  </Text>
</View>
`;
